// Jest Snapshot v1, https://goo.gl/fbAQLP

exports[`GameBackgroundComponent.tsx renders correctly 1`] = `
<div>
  <div
    class="css-1kpn1xa"
  />
</div>
`;
