// Jest Snapshot v1, https://goo.gl/fbAQLP

exports[`GameView.tsx renders correctly 1`] = `
<div>
  <div
    class="css-1bxr3a5"
  >
    <div
      class="css-j99gk8"
      data-testid="page-title"
    >
      <h1
        class="css-p1pfmz"
      >
        testTitle
      </h1>
    </div>
    <div
      class="css-1xttfd9"
    />
    <div
      class="css-ubcm2u"
    >
      <div
        class="css-cfdpzz"
      >
        <i
          class="material-icons css-dyscyh"
        >
          remove_circle
        </i>
        <button
          class="css-uxkr57"
        >
          testWiki
        </button>
      </div>
    </div>
    <section
      class="css-1lzwb5o"
    >
      <button
        class="css-17epmtx"
        data-testid="add-link"
      >
        <i
          class="material-icons"
        >
          add
        </i>
      </button>
      <button
        class="css-equvm"
        disabled=""
      >
        <i
          class="material-icons"
        >
          create_new_folder
        </i>
      </button>
    </section>
  </div>
</div>
`;
