// Jest Snapshot v1, https://goo.gl/fbAQLP

exports[`LinkCollectionComponent.tsx renders correctly 1`] = `
<div>
  <div
    class="css-cjmacl"
  >
    <div
      class="css-nijhdc"
    >
      <button
        class="css-1qbtfbw"
      >
        link1
      </button>
    </div>
    <div
      class="css-1svfgn6"
    >
      <button
        class="css-1qbtfbw"
      >
        link2
      </button>
    </div>
  </div>
</div>
`;
