// Jest Snapshot v1, https://goo.gl/fbAQLP

exports[`ButtonComponent.tsx renders correctly 1`] = `
<div>
  <button
    class="css-1b23wax"
  >
    Click me
  </button>
</div>
`;
