// Jest Snapshot v1, https://goo.gl/fbAQLP

exports[`GameFormComponent.tsx renders correctly 1`] = `
<div>
  <div
    class="css-1oynk9y"
  >
    <form>
      <h1
        class="css-1vjmso2"
      >
        Game Information
      </h1>
      <section
        class="css-6a1pbd"
      >
        <label
          class="css-13m3dri"
          for="title"
        >
          Title*
        </label>
        <input
          class="css-1o0il4p"
          id="title"
          name="title"
          type="text"
          value=""
        />
        <label
          class="css-13m3dri"
          for="abbr"
        >
          Abbreviation
        </label>
        <input
          class="css-1o0il4p"
          id="abbr"
          name="abbreviation"
          type="text"
          value=""
        />
        <label
          class="css-13m3dri"
        >
          Game files (*.exe, *.app)
        </label>
        <input
          class="css-1o0il4p"
          name="fileNames"
          type="text"
          value=""
        />
      </section>
      <h1
        class="css-1vjmso2"
      >
        Image Settings
      </h1>
      <section
        class="css-6a1pbd"
      >
        <label
          class="css-13m3dri"
        >
          Image*
        </label>
        <input
          class="css-1o0il4p"
          type="file"
        />
        
      </section>
      <div
        class="css-1qnhe9y"
      >
        <button
          class="css-1ctwf7v"
          data-testid="submit-form"
          type="submit"
        >
          Save
          <i
            class="material-icons"
          >
            save
          </i>
        </button>
      </div>
    </form>
    <div
      class="css-1nso4la"
      x="50"
      y="0"
    />
  </div>
</div>
`;
