// Jest Snapshot v1, https://goo.gl/fbAQLP

exports[`PageTitleComponent.tsx renders correctly 1`] = `
<div>
  <div
    class="css-vnxadl"
    data-testid="page-title"
  >
    <h1
      class="css-g7rarf"
    >
      TestPageTitle
    </h1>
  </div>
</div>
`;
