// Jest Snapshot v1, https://goo.gl/fbAQLP

exports[`GameBannerComponent.tsx redirects to its links on click 1`] = `
<div>
  <div
    class="css-1d2zccn"
    data-testid="banner"
  >
    <div
      class="css-1uckm9l"
    >
      <button
        class="css-1lidn5m"
      >
        <i
          class="material-icons"
        >
          edit
        </i>
      </button>
    </div>
  </div>
</div>
`;

exports[`GameBannerComponent.tsx renders correctly 1`] = `
Object {
  "asFragment": [Function],
  "baseElement": <body>
    <div>
      <div
        class="css-1d2zccn"
        data-testid="banner"
      >
        <div
          class="css-1uckm9l"
        >
          <button
            class="css-1lidn5m"
          >
            <i
              class="material-icons"
            >
              edit
            </i>
          </button>
        </div>
      </div>
    </div>
  </body>,
  "container": <div>
    <div
      class="css-1d2zccn"
      data-testid="banner"
    >
      <div
        class="css-1uckm9l"
      >
        <button
          class="css-1lidn5m"
        >
          <i
            class="material-icons"
          >
            edit
          </i>
        </button>
      </div>
    </div>
  </div>,
  "debug": [Function],
  "findAllByAltText": [Function],
  "findAllByDisplayValue": [Function],
  "findAllByLabelText": [Function],
  "findAllByPlaceholderText": [Function],
  "findAllByRole": [Function],
  "findAllByTestId": [Function],
  "findAllByText": [Function],
  "findAllByTitle": [Function],
  "findByAltText": [Function],
  "findByDisplayValue": [Function],
  "findByLabelText": [Function],
  "findByPlaceholderText": [Function],
  "findByRole": [Function],
  "findByTestId": [Function],
  "findByText": [Function],
  "findByTitle": [Function],
  "getAllByAltText": [Function],
  "getAllByDisplayValue": [Function],
  "getAllByLabelText": [Function],
  "getAllByPlaceholderText": [Function],
  "getAllByRole": [Function],
  "getAllByTestId": [Function],
  "getAllByText": [Function],
  "getAllByTitle": [Function],
  "getByAltText": [Function],
  "getByDisplayValue": [Function],
  "getByLabelText": [Function],
  "getByPlaceholderText": [Function],
  "getByRole": [Function],
  "getByTestId": [Function],
  "getByText": [Function],
  "getByTitle": [Function],
  "queryAllByAltText": [Function],
  "queryAllByDisplayValue": [Function],
  "queryAllByLabelText": [Function],
  "queryAllByPlaceholderText": [Function],
  "queryAllByRole": [Function],
  "queryAllByTestId": [Function],
  "queryAllByText": [Function],
  "queryAllByTitle": [Function],
  "queryByAltText": [Function],
  "queryByDisplayValue": [Function],
  "queryByLabelText": [Function],
  "queryByPlaceholderText": [Function],
  "queryByRole": [Function],
  "queryByTestId": [Function],
  "queryByText": [Function],
  "queryByTitle": [Function],
  "rerender": [Function],
  "unmount": [Function],
}
`;
